#-----------------------------------------------------------
# Vivado v2022.2.2 (64-bit)
# SW Build 3788238 on Tue Feb 21 20:00:34 MST 2023
# IP Build 3783773 on Tue Feb 21 23:41:56 MST 2023
# Start of session at: Fri May 31 06:05:44 2024
# Process ID: 13280
# Current directory: C:/Studia_magisterksie/Semestr_1/Systemy_dedykowane_w_ukladach_programowalnych/Sobel_Filter/Sobel_filter_rtl/Sobel_filter.runs/synth_1
# Command line: vivado.exe -log top.vds -product Vivado -mode batch -messageDb vivado.pb -notrace -source top.tcl
# Log file: C:/Studia_magisterksie/Semestr_1/Systemy_dedykowane_w_ukladach_programowalnych/Sobel_Filter/Sobel_filter_rtl/Sobel_filter.runs/synth_1/top.vds
# Journal file: C:/Studia_magisterksie/Semestr_1/Systemy_dedykowane_w_ukladach_programowalnych/Sobel_Filter/Sobel_filter_rtl/Sobel_filter.runs/synth_1\vivado.jou
# Running On: DESKTOP-TCOPK8L, OS: Windows, CPU Frequency: 2904 MHz, CPU Physical cores: 6, Host memory: 34276 MB
#-----------------------------------------------------------
source top.tcl -notrace
