Copyright 1986-2023 Xilinx, Inc. All Rights Reserved.
--------------------------------------------------------------------------------------------------------------------------------------------------------------------------------------------
| Tool Version      : Vivado v.2022.2.2 (win64) Build 3788238 Tue Feb 21 20:00:34 MST 2023
| Date              : Sat Jun  8 21:04:26 2024
| Host              : DESKTOP-TCOPK8L running 64-bit major release  (build 9200)
| Command           : report_bus_skew -warn_on_violation -file rgb_design_wrapper_bus_skew_routed.rpt -pb rgb_design_wrapper_bus_skew_routed.pb -rpx rgb_design_wrapper_bus_skew_routed.rpx
| Design            : rgb_design_wrapper
| Device            : xck26-sfvc784
| Speed File        : -2LV  PRODUCTION 1.30 05-15-2022
| Temperature Grade : C
--------------------------------------------------------------------------------------------------------------------------------------------------------------------------------------------

Bus Skew Report

No bus skew constraints

