#-----------------------------------------------------------
# Vivado v2022.2.2 (64-bit)
# SW Build 3788238 on Tue Feb 21 20:00:34 MST 2023
# IP Build 3783773 on Tue Feb 21 23:41:56 MST 2023
# Start of session at: Sat Jun  8 21:01:04 2024
# Process ID: 17128
# Current directory: C:/Studia_magisterksie/Semestr_1/Systemy_dedykowane_w_ukladach_programowalnych/Sobel_Filter/Sobel_filter_rtl/Sobel_filter.runs/impl_1
# Command line: vivado.exe -log rgb_design_wrapper.vdi -applog -product Vivado -messageDb vivado.pb -mode batch -source rgb_design_wrapper.tcl -notrace
# Log file: C:/Studia_magisterksie/Semestr_1/Systemy_dedykowane_w_ukladach_programowalnych/Sobel_Filter/Sobel_filter_rtl/Sobel_filter.runs/impl_1/rgb_design_wrapper.vdi
# Journal file: C:/Studia_magisterksie/Semestr_1/Systemy_dedykowane_w_ukladach_programowalnych/Sobel_Filter/Sobel_filter_rtl/Sobel_filter.runs/impl_1\vivado.jou
# Running On: DESKTOP-TCOPK8L, OS: Windows, CPU Frequency: 2904 MHz, CPU Physical cores: 6, Host memory: 34276 MB
#-----------------------------------------------------------
source rgb_design_wrapper.tcl -notrace
